---
source: tests/all/ecma262.rs
expression: res
---
[
    Decl(
        Export(
            Default(
                Decl(
                    Func(
                        Func {
                            id: None,
                            params: [],
                            body: FuncBody(
                                [],
                            ),
                            generator: true,
                            is_async: false,
                        },
                    ),
                ),
            ),
        ),
    ),
]
